Progress: resolved 1, reused 0, downloaded 0, added 0
Progress: resolved 13, reused 12, downloaded 0, added 0
Progress: resolved 13, reused 12, downloaded 1, added 0
Progress: resolved 59, reused 50, downloaded 1, added 0
Progress: resolved 59, reused 50, downloaded 2, added 0
Packages: +108
++++++++++++++++++++++++++++++++++++++++++++++++++++++++++++++++++++++++++++++++
Packages are hard linked from the content-addressable store to the virtual store.
  Content-addressable store is at: C:\Users\bakta\AppData\Local\pnpm\store\v11
  Virtual store is at:             node_modules/.pnpm
Progress: resolved 140, reused 107, downloaded 2, added 1
Progress: resolved 140, reused 107, downloaded 2, added 2
Progress: resolved 140, reused 107, downloaded 2, added 2, done

dependencies:
+ @types/node 22.20.1 (26.2.0 is available)
+ @types/react 19.2.18
+ @types/react-dom 19.2.4
+ framer-motion 12.43.0 (13.1.0 is available)
+ gsap 3.15.0
+ lucide-react 0.468.0
+ next 15.5.23 (16.3.1 is available)
+ react 19.2.8
+ react-dom 19.2.8
+ tailwindcss 3.4.19 (4.3.3 is available)
+ typescript 5.9.3 (7.0.2 is available)

devDependencies:
+ autoprefixer 10.5.4
+ postcss 8.5.26

[ERR_PNPM_IGNORED_BUILDS] Ignored build scripts: sharp@0.34.5

Run "pnpm approve-builds" to pick which dependencies should be allowed to run scripts.
